[INFO] [1788606659.220314690] [costmap.costmap]: 
	costmap lifecycle node launched. 
	Waiting on external lifecycle transitions to activate
	See https://design.ros2.org/articles/node_lifecycle.html for more information.
[INFO] [1788606659.220780882] [costmap.costmap]: Creating Costmap
[INFO] [1788606663.746163601] [costmap.costmap]: Configuring
[INFO] [1788606663.752527588] [costmap.costmap]: Using plugin "voxel_layer"
[INFO] [1788606663.756899871] [costmap.costmap]: Subscribed to Topics: scan velodyne_low
[INFO] [1788606663.766377304] [costmap.costmap]: Initialized plugin "voxel_layer"
[INFO] [1788606663.766443508] [costmap.costmap]: Using plugin "inflation_layer"
[INFO] [1788606663.766836961] [costmap.costmap]: Initialized plugin "inflation_layer"
[ERROR] [1788606663.776675286] [costmap.costmap]: The configured inflation radius (0.300) is smaller than the computed inscribed radius (0.340) of your footprint, it is highly recommended to set inflation radius to be at least as big as the inscribed radius to avoid collisions
[INFO] [1788606665.074961285] [costmap.costmap]: Activating
[INFO] [1788606665.075042504] [costmap.costmap]: Checking transform
[INFO] [1788606665.075144107] [costmap.costmap]: start
[WARN] [1788606736.475706773] [costmap.costmap]: The /velodyne_points observation buffer has not been updated for 10.15 seconds, and it should be updated every 10.00 seconds.
[WARN] [1788606736.475876451] [costmap.costmap]: The /velodyne_points observation buffer has not been updated for 10.15 seconds, and it should be updated every 10.00 seconds.
[WARN] [1788606736.675378329] [costmap.costmap]: The /velodyne_points observation buffer has not been updated for 10.35 seconds, and it should be updated every 10.00 seconds.
[WARN] [1788606736.675503930] [costmap.costmap]: The /velodyne_points observation buffer has not been updated for 10.35 seconds, and it should be updated every 10.00 seconds.
[WARN] [1788606736.875687106] [costmap.costmap]: The /velodyne_points observation buffer has not been updated for 10.55 seconds, and it should be updated every 10.00 seconds.
[WARN] [1788606736.875957337] [costmap.costmap]: The /velodyne_points observation buffer has not been updated for 10.55 seconds, and it should be updated every 10.00 seconds.
[WARN] [1788606737.075346313] [costmap.costmap]: The /velodyne_points observation buffer has not been updated for 10.75 seconds, and it should be updated every 10.00 seconds.
[WARN] [1788606737.075464699] [costmap.costmap]: The /velodyne_points observation buffer has not been updated for 10.75 seconds, and it should be updated every 10.00 seconds.
[WARN] [1788606737.275400065] [costmap.costmap]: The /velodyne_points observation buffer has not been updated for 10.95 seconds, and it should be updated every 10.00 seconds.
[WARN] [1788606737.275494548] [costmap.costmap]: The /velodyne_points observation buffer has not been updated for 10.95 seconds, and it should be updated every 10.00 seconds.
[WARN] [1788606737.475648075] [costmap.costmap]: The /velodyne_points observation buffer has not been updated for 11.15 seconds, and it should be updated every 10.00 seconds.
[WARN] [1788606737.475766073] [costmap.costmap]: The /velodyne_points observation buffer has not been updated for 11.15 seconds, and it should be updated every 10.00 seconds.
[WARN] [1788606737.675975711] [costmap.costmap]: The /velodyne_points observation buffer has not been updated for 11.35 seconds, and it should be updated every 10.00 seconds.
[WARN] [1788606737.676182372] [costmap.costmap]: The /velodyne_points observation buffer has not been updated for 11.35 seconds, and it should be updated every 10.00 seconds.
[WARN] [1788606737.876042092] [costmap.costmap]: The /velodyne_points observation buffer has not been updated for 11.55 seconds, and it should be updated every 10.00 seconds.
[WARN] [1788606737.876242233] [costmap.costmap]: The /velodyne_points observation buffer has not been updated for 11.55 seconds, and it should be updated every 10.00 seconds.
[WARN] [1788606738.075473631] [costmap.costmap]: The /velodyne_points observation buffer has not been updated for 11.75 seconds, and it should be updated every 10.00 seconds.
[WARN] [1788606738.075641636] [costmap.costmap]: The /velodyne_points observation buffer has not been updated for 11.75 seconds, and it should be updated every 10.00 seconds.
[WARN] [1788606738.276257015] [costmap.costmap]: The /velodyne_points observation buffer has not been updated for 11.95 seconds, and it should be updated every 10.00 seconds.
[WARN] [1788606738.276766769] [costmap.costmap]: The /velodyne_points observation buffer has not been updated for 11.95 seconds, and it should be updated every 10.00 seconds.
[WARN] [1788606738.475835113] [costmap.costmap]: The /velodyne_points observation buffer has not been updated for 12.15 seconds, and it should be updated every 10.00 seconds.
[WARN] [1788606738.475985072] [costmap.costmap]: The /velodyne_points observation buffer has not been updated for 12.15 seconds, and it should be updated every 10.00 seconds.
[WARN] [1788606738.678971471] [costmap.costmap]: The /velodyne_points observation buffer has not been updated for 12.36 seconds, and it should be updated every 10.00 seconds.
[WARN] [1788606738.679285225] [costmap.costmap]: The /velodyne_points observation buffer has not been updated for 12.36 seconds, and it should be updated every 10.00 seconds.
[WARN] [1788606738.875642908] [costmap.costmap]: The /velodyne_points observation buffer has not been updated for 12.55 seconds, and it should be updated every 10.00 seconds.
[WARN] [1788606738.875887375] [costmap.costmap]: The /velodyne_points observation buffer has not been updated for 12.55 seconds, and it should be updated every 10.00 seconds.
[WARN] [1788606739.078686989] [costmap.costmap]: The /velodyne_points observation buffer has not been updated for 12.76 seconds, and it should be updated every 10.00 seconds.
[WARN] [1788606739.078916301] [costmap.costmap]: The /velodyne_points observation buffer has not been updated for 12.76 seconds, and it should be updated every 10.00 seconds.
[WARN] [1788606739.276188901] [costmap.costmap]: The /velodyne_points observation buffer has not been updated for 12.95 seconds, and it should be updated every 10.00 seconds.
[WARN] [1788606739.276662153] [costmap.costmap]: The /velodyne_points observation buffer has not been updated for 12.95 seconds, and it should be updated every 10.00 seconds.
[WARN] [1788606739.475702754] [costmap.costmap]: The /velodyne_points observation buffer has not been updated for 13.15 seconds, and it should be updated every 10.00 seconds.
[WARN] [1788606739.475988043] [costmap.costmap]: The /velodyne_points observation buffer has not been updated for 13.15 seconds, and it should be updated every 10.00 seconds.
[WARN] [1788606739.675728834] [costmap.costmap]: The /velodyne_points observation buffer has not been updated for 13.35 seconds, and it should be updated every 10.00 seconds.
[WARN] [1788606739.675942532] [costmap.costmap]: The /velodyne_points observation buffer has not been updated for 13.35 seconds, and it should be updated every 10.00 seconds.
[WARN] [1788606739.876789077] [costmap.costmap]: The /velodyne_points observation buffer has not been updated for 13.55 seconds, and it should be updated every 10.00 seconds.
[WARN] [1788606739.877143585] [costmap.costmap]: The /velodyne_points observation buffer has not been updated for 13.55 seconds, and it should be updated every 10.00 seconds.
[WARN] [1788606740.076035970] [costmap.costmap]: The /velodyne_points observation buffer has not been updated for 13.75 seconds, and it should be updated every 10.00 seconds.
[WARN] [1788606740.076262169] [costmap.costmap]: The /velodyne_points observation buffer has not been updated for 13.75 seconds, and it should be updated every 10.00 seconds.
[WARN] [1788606740.275985315] [costmap.costmap]: The /velodyne_points observation buffer has not been updated for 13.95 seconds, and it should be updated every 10.00 seconds.
[WARN] [1788606740.276215550] [costmap.costmap]: The /velodyne_points observation buffer has not been updated for 13.95 seconds, and it should be updated every 10.00 seconds.
[WARN] [1788606740.475440859] [costmap.costmap]: The /velodyne_points observation buffer has not been updated for 14.15 seconds, and it should be updated every 10.00 seconds.
[WARN] [1788606740.475581854] [costmap.costmap]: The /velodyne_points observation buffer has not been updated for 14.15 seconds, and it should be updated every 10.00 seconds.
[WARN] [1788606740.675709140] [costmap.costmap]: The /velodyne_points observation buffer has not been updated for 14.35 seconds, and it should be updated every 10.00 seconds.
[WARN] [1788606740.675984646] [costmap.costmap]: The /velodyne_points observation buffer has not been updated for 14.35 seconds, and it should be updated every 10.00 seconds.
[WARN] [1788606740.875709744] [costmap.costmap]: The /velodyne_points observation buffer has not been updated for 14.55 seconds, and it should be updated every 10.00 seconds.
[WARN] [1788606740.875878305] [costmap.costmap]: The /velodyne_points observation buffer has not been updated for 14.55 seconds, and it should be updated every 10.00 seconds.
[WARN] [1788606741.075897341] [costmap.costmap]: The /velodyne_points observation buffer has not been updated for 14.75 seconds, and it should be updated every 10.00 seconds.
[WARN] [1788606741.076174453] [costmap.costmap]: The /velodyne_points observation buffer has not been updated for 14.75 seconds, and it should be updated every 10.00 seconds.
[WARN] [1788606741.275925744] [costmap.costmap]: The /velodyne_points observation buffer has not been updated for 14.95 seconds, and it should be updated every 10.00 seconds.
[WARN] [1788606741.276043683] [costmap.costmap]: The /velodyne_points observation buffer has not been updated for 14.95 seconds, and it should be updated every 10.00 seconds.
[WARN] [1788606741.475999825] [costmap.costmap]: The /velodyne_points observation buffer has not been updated for 15.15 seconds, and it should be updated every 10.00 seconds.
[WARN] [1788606741.476131620] [costmap.costmap]: The /velodyne_points observation buffer has not been updated for 15.15 seconds, and it should be updated every 10.00 seconds.
[WARN] [1788606741.675727744] [costmap.costmap]: The /velodyne_points observation buffer has not been updated for 15.35 seconds, and it should be updated every 10.00 seconds.
[WARN] [1788606741.675869603] [costmap.costmap]: The /velodyne_points observation buffer has not been updated for 15.35 seconds, and it should be updated every 10.00 seconds.
[WARN] [1788606741.875556745] [costmap.costmap]: The /velodyne_points observation buffer has not been updated for 15.55 seconds, and it should be updated every 10.00 seconds.
[WARN] [1788606741.875705372] [costmap.costmap]: The /velodyne_points observation buffer has not been updated for 15.55 seconds, and it should be updated every 10.00 seconds.
[WARN] [1788606742.075452269] [costmap.costmap]: The /velodyne_points observation buffer has not been updated for 15.75 seconds, and it should be updated every 10.00 seconds.
[WARN] [1788606742.075678151] [costmap.costmap]: The /velodyne_points observation buffer has not been updated for 15.75 seconds, and it should be updated every 10.00 seconds.
[WARN] [1788606742.276608036] [costmap.costmap]: The /velodyne_points observation buffer has not been updated for 15.95 seconds, and it should be updated every 10.00 seconds.
[WARN] [1788606742.276816768] [costmap.costmap]: The /velodyne_points observation buffer has not been updated for 15.95 seconds, and it should be updated every 10.00 seconds.
[WARN] [1788606742.475556692] [costmap.costmap]: The /velodyne_points observation buffer has not been updated for 16.15 seconds, and it should be updated every 10.00 seconds.
[WARN] [1788606742.475693274] [costmap.costmap]: The /velodyne_points observation buffer has not been updated for 16.15 seconds, and it should be updated every 10.00 seconds.
[WARN] [1788606742.675744208] [costmap.costmap]: The /velodyne_points observation buffer has not been updated for 16.35 seconds, and it should be updated every 10.00 seconds.
[WARN] [1788606742.675868825] [costmap.costmap]: The /velodyne_points observation buffer has not been updated for 16.35 seconds, and it should be updated every 10.00 seconds.
[WARN] [1788606742.875401728] [costmap.costmap]: The /velodyne_points observation buffer has not been updated for 16.55 seconds, and it should be updated every 10.00 seconds.
[WARN] [1788606742.875542560] [costmap.costmap]: The /velodyne_points observation buffer has not been updated for 16.55 seconds, and it should be updated every 10.00 seconds.
[WARN] [1788606743.075748148] [costmap.costmap]: The /velodyne_points observation buffer has not been updated for 16.75 seconds, and it should be updated every 10.00 seconds.
[WARN] [1788606743.075891251] [costmap.costmap]: The /velodyne_points observation buffer has not been updated for 16.75 seconds, and it should be updated every 10.00 seconds.
[WARN] [1788606743.275951281] [costmap.costmap]: The /velodyne_points observation buffer has not been updated for 16.95 seconds, and it should be updated every 10.00 seconds.
[WARN] [1788606743.276113764] [costmap.costmap]: The /velodyne_points observation buffer has not been updated for 16.95 seconds, and it should be updated every 10.00 seconds.
[WARN] [1788606743.475466998] [costmap.costmap]: The /velodyne_points observation buffer has not been updated for 17.15 seconds, and it should be updated every 10.00 seconds.
[WARN] [1788606743.475572324] [costmap.costmap]: The /velodyne_points observation buffer has not been updated for 17.15 seconds, and it should be updated every 10.00 seconds.
[WARN] [1788606743.675648991] [costmap.costmap]: The /velodyne_points observation buffer has not been updated for 17.35 seconds, and it should be updated every 10.00 seconds.
[WARN] [1788606743.675765505] [costmap.costmap]: The /velodyne_points observation buffer has not been updated for 17.35 seconds, and it should be updated every 10.00 seconds.
[WARN] [1788606743.875631604] [costmap.costmap]: The /velodyne_points observation buffer has not been updated for 17.55 seconds, and it should be updated every 10.00 seconds.
[WARN] [1788606743.875792743] [costmap.costmap]: The /velodyne_points observation buffer has not been updated for 17.55 seconds, and it should be updated every 10.00 seconds.
[WARN] [1788606744.075490821] [costmap.costmap]: The /velodyne_points observation buffer has not been updated for 17.75 seconds, and it should be updated every 10.00 seconds.
[WARN] [1788606744.075621967] [costmap.costmap]: The /velodyne_points observation buffer has not been updated for 17.75 seconds, and it should be updated every 10.00 seconds.
[WARN] [1788606744.275814625] [costmap.costmap]: The /velodyne_points observation buffer has not been updated for 17.95 seconds, and it should be updated every 10.00 seconds.
[WARN] [1788606744.275973604] [costmap.costmap]: The /velodyne_points observation buffer has not been updated for 17.95 seconds, and it should be updated every 10.00 seconds.
[WARN] [1788606744.475714380] [costmap.costmap]: The /velodyne_points observation buffer has not been updated for 18.15 seconds, and it should be updated every 10.00 seconds.
[WARN] [1788606744.475889665] [costmap.costmap]: The /velodyne_points observation buffer has not been updated for 18.15 seconds, and it should be updated every 10.00 seconds.
[WARN] [1788606744.676295486] [costmap.costmap]: The /velodyne_points observation buffer has not been updated for 18.35 seconds, and it should be updated every 10.00 seconds.
[WARN] [1788606744.676407575] [costmap.costmap]: The /velodyne_points observation buffer has not been updated for 18.35 seconds, and it should be updated every 10.00 seconds.
[WARN] [1788606744.875888412] [costmap.costmap]: The /velodyne_points observation buffer has not been updated for 18.55 seconds, and it should be updated every 10.00 seconds.
[WARN] [1788606744.876020580] [costmap.costmap]: The /velodyne_points observation buffer has not been updated for 18.55 seconds, and it should be updated every 10.00 seconds.
[WARN] [1788606745.075770266] [costmap.costmap]: The /velodyne_points observation buffer has not been updated for 18.75 seconds, and it should be updated every 10.00 seconds.
[WARN] [1788606745.075947000] [costmap.costmap]: The /velodyne_points observation buffer has not been updated for 18.75 seconds, and it should be updated every 10.00 seconds.
[WARN] [1788606745.275381563] [costmap.costmap]: The /velodyne_points observation buffer has not been updated for 18.95 seconds, and it should be updated every 10.00 seconds.
[WARN] [1788606745.275494917] [costmap.costmap]: The /velodyne_points observation buffer has not been updated for 18.95 seconds, and it should be updated every 10.00 seconds.
[WARN] [1788606745.475703977] [costmap.costmap]: The /velodyne_points observation buffer has not been updated for 19.15 seconds, and it should be updated every 10.00 seconds.
[WARN] [1788606745.475810611] [costmap.costmap]: The /velodyne_points observation buffer has not been updated for 19.15 seconds, and it should be updated every 10.00 seconds.
[WARN] [1788606745.675693556] [costmap.costmap]: The /velodyne_points observation buffer has not been updated for 19.35 seconds, and it should be updated every 10.00 seconds.
[WARN] [1788606745.675807634] [costmap.costmap]: The /velodyne_points observation buffer has not been updated for 19.35 seconds, and it should be updated every 10.00 seconds.
[WARN] [1788606745.876474554] [costmap.costmap]: The /velodyne_points observation buffer has not been updated for 19.55 seconds, and it should be updated every 10.00 seconds.
[WARN] [1788606745.876708055] [costmap.costmap]: The /velodyne_points observation buffer has not been updated for 19.55 seconds, and it should be updated every 10.00 seconds.
[WARN] [1788606746.077135135] [costmap.costmap]: The /velodyne_points observation buffer has not been updated for 19.75 seconds, and it should be updated every 10.00 seconds.
[WARN] [1788606746.079214139] [costmap.costmap]: The /velodyne_points observation buffer has not been updated for 19.76 seconds, and it should be updated every 10.00 seconds.
[WARN] [1788606746.275651608] [costmap.costmap]: The /velodyne_points observation buffer has not been updated for 19.95 seconds, and it should be updated every 10.00 seconds.
[WARN] [1788606746.275886152] [costmap.costmap]: The /velodyne_points observation buffer has not been updated for 19.95 seconds, and it should be updated every 10.00 seconds.
[WARN] [1788606746.475381161] [costmap.costmap]: The /velodyne_points observation buffer has not been updated for 20.15 seconds, and it should be updated every 10.00 seconds.
[WARN] [1788606746.475486950] [costmap.costmap]: The /velodyne_points observation buffer has not been updated for 20.15 seconds, and it should be updated every 10.00 seconds.
[WARN] [1788606746.677474252] [costmap.costmap]: The /velodyne_points observation buffer has not been updated for 20.36 seconds, and it should be updated every 10.00 seconds.
[WARN] [1788606746.677665942] [costmap.costmap]: The /velodyne_points observation buffer has not been updated for 20.36 seconds, and it should be updated every 10.00 seconds.
[WARN] [1788606746.875854918] [costmap.costmap]: The /velodyne_points observation buffer has not been updated for 20.55 seconds, and it should be updated every 10.00 seconds.
[WARN] [1788606746.876035182] [costmap.costmap]: The /velodyne_points observation buffer has not been updated for 20.55 seconds, and it should be updated every 10.00 seconds.
[WARN] [1788606747.075769978] [costmap.costmap]: The /velodyne_points observation buffer has not been updated for 20.75 seconds, and it should be updated every 10.00 seconds.
[WARN] [1788606747.075918799] [costmap.costmap]: The /velodyne_points observation buffer has not been updated for 20.75 seconds, and it should be updated every 10.00 seconds.
[WARN] [1788606747.275478841] [costmap.costmap]: The /velodyne_points observation buffer has not been updated for 20.95 seconds, and it should be updated every 10.00 seconds.
[WARN] [1788606747.275573977] [costmap.costmap]: The /velodyne_points observation buffer has not been updated for 20.95 seconds, and it should be updated every 10.00 seconds.
[WARN] [1788606747.475755267] [costmap.costmap]: The /velodyne_points observation buffer has not been updated for 21.15 seconds, and it should be updated every 10.00 seconds.
[WARN] [1788606747.475882851] [costmap.costmap]: The /velodyne_points observation buffer has not been updated for 21.15 seconds, and it should be updated every 10.00 seconds.
[WARN] [1788606747.675517838] [costmap.costmap]: The /velodyne_points observation buffer has not been updated for 21.35 seconds, and it should be updated every 10.00 seconds.
[WARN] [1788606747.675617771] [costmap.costmap]: The /velodyne_points observation buffer has not been updated for 21.35 seconds, and it should be updated every 10.00 seconds.
[WARN] [1788606747.875530706] [costmap.costmap]: The /velodyne_points observation buffer has not been updated for 21.55 seconds, and it should be updated every 10.00 seconds.
[WARN] [1788606747.875686119] [costmap.costmap]: The /velodyne_points observation buffer has not been updated for 21.55 seconds, and it should be updated every 10.00 seconds.
[WARN] [1788606748.075781372] [costmap.costmap]: The /velodyne_points observation buffer has not been updated for 21.75 seconds, and it should be updated every 10.00 seconds.
[WARN] [1788606748.075904163] [costmap.costmap]: The /velodyne_points observation buffer has not been updated for 21.75 seconds, and it should be updated every 10.00 seconds.
[WARN] [1788606748.276199724] [costmap.costmap]: The /velodyne_points observation buffer has not been updated for 21.95 seconds, and it should be updated every 10.00 seconds.
[WARN] [1788606748.276397175] [costmap.costmap]: The /velodyne_points observation buffer has not been updated for 21.95 seconds, and it should be updated every 10.00 seconds.
[WARN] [1788606748.475587642] [costmap.costmap]: The /velodyne_points observation buffer has not been updated for 22.15 seconds, and it should be updated every 10.00 seconds.
[WARN] [1788606748.475791337] [costmap.costmap]: The /velodyne_points observation buffer has not been updated for 22.15 seconds, and it should be updated every 10.00 seconds.
[WARN] [1788606748.675891196] [costmap.costmap]: The /velodyne_points observation buffer has not been updated for 22.35 seconds, and it should be updated every 10.00 seconds.
[WARN] [1788606748.676012286] [costmap.costmap]: The /velodyne_points observation buffer has not been updated for 22.35 seconds, and it should be updated every 10.00 seconds.
[WARN] [1788606748.878536027] [costmap.costmap]: The /velodyne_points observation buffer has not been updated for 22.56 seconds, and it should be updated every 10.00 seconds.
[WARN] [1788606748.878665778] [costmap.costmap]: The /velodyne_points observation buffer has not been updated for 22.56 seconds, and it should be updated every 10.00 seconds.
[WARN] [1788606749.075652272] [costmap.costmap]: The /velodyne_points observation buffer has not been updated for 22.75 seconds, and it should be updated every 10.00 seconds.
[WARN] [1788606749.075759470] [costmap.costmap]: The /velodyne_points observation buffer has not been updated for 22.75 seconds, and it should be updated every 10.00 seconds.
[WARN] [1788606749.275411007] [costmap.costmap]: The /velodyne_points observation buffer has not been updated for 22.95 seconds, and it should be updated every 10.00 seconds.
[WARN] [1788606749.275518734] [costmap.costmap]: The /velodyne_points observation buffer has not been updated for 22.95 seconds, and it should be updated every 10.00 seconds.
[WARN] [1788606749.475726582] [costmap.costmap]: The /velodyne_points observation buffer has not been updated for 23.15 seconds, and it should be updated every 10.00 seconds.
[WARN] [1788606749.475997928] [costmap.costmap]: The /velodyne_points observation buffer has not been updated for 23.15 seconds, and it should be updated every 10.00 seconds.
[WARN] [1788606749.675748826] [costmap.costmap]: The /velodyne_points observation buffer has not been updated for 23.35 seconds, and it should be updated every 10.00 seconds.
[WARN] [1788606749.675927838] [costmap.costmap]: The /velodyne_points observation buffer has not been updated for 23.35 seconds, and it should be updated every 10.00 seconds.
[WARN] [1788606749.875494916] [costmap.costmap]: The /velodyne_points observation buffer has not been updated for 23.55 seconds, and it should be updated every 10.00 seconds.
[WARN] [1788606749.875620632] [costmap.costmap]: The /velodyne_points observation buffer has not been updated for 23.55 seconds, and it should be updated every 10.00 seconds.
[WARN] [1788606750.075558810] [costmap.costmap]: The /velodyne_points observation buffer has not been updated for 23.75 seconds, and it should be updated every 10.00 seconds.
[WARN] [1788606750.075674096] [costmap.costmap]: The /velodyne_points observation buffer has not been updated for 23.75 seconds, and it should be updated every 10.00 seconds.
[WARN] [1788606750.275686045] [costmap.costmap]: The /velodyne_points observation buffer has not been updated for 23.95 seconds, and it should be updated every 10.00 seconds.
[WARN] [1788606750.275804938] [costmap.costmap]: The /velodyne_points observation buffer has not been updated for 23.95 seconds, and it should be updated every 10.00 seconds.
[WARN] [1788606750.475969370] [costmap.costmap]: The /velodyne_points observation buffer has not been updated for 24.15 seconds, and it should be updated every 10.00 seconds.
[WARN] [1788606750.476151854] [costmap.costmap]: The /velodyne_points observation buffer has not been updated for 24.15 seconds, and it should be updated every 10.00 seconds.
[WARN] [1788606750.675550806] [costmap.costmap]: The /velodyne_points observation buffer has not been updated for 24.35 seconds, and it should be updated every 10.00 seconds.
[WARN] [1788606750.675760018] [costmap.costmap]: The /velodyne_points observation buffer has not been updated for 24.35 seconds, and it should be updated every 10.00 seconds.
[WARN] [1788606750.875477248] [costmap.costmap]: The /velodyne_points observation buffer has not been updated for 24.55 seconds, and it should be updated every 10.00 seconds.
[WARN] [1788606750.875652501] [costmap.costmap]: The /velodyne_points observation buffer has not been updated for 24.55 seconds, and it should be updated every 10.00 seconds.
[WARN] [1788606751.075564347] [costmap.costmap]: The /velodyne_points observation buffer has not been updated for 24.75 seconds, and it should be updated every 10.00 seconds.
[WARN] [1788606751.075668129] [costmap.costmap]: The /velodyne_points observation buffer has not been updated for 24.75 seconds, and it should be updated every 10.00 seconds.
[WARN] [1788606751.275666437] [costmap.costmap]: The /velodyne_points observation buffer has not been updated for 24.95 seconds, and it should be updated every 10.00 seconds.
[WARN] [1788606751.275923296] [costmap.costmap]: The /velodyne_points observation buffer has not been updated for 24.95 seconds, and it should be updated every 10.00 seconds.
[WARN] [1788606751.476105623] [costmap.costmap]: The /velodyne_points observation buffer has not been updated for 25.15 seconds, and it should be updated every 10.00 seconds.
[WARN] [1788606751.476339399] [costmap.costmap]: The /velodyne_points observation buffer has not been updated for 25.15 seconds, and it should be updated every 10.00 seconds.
[WARN] [1788606751.675459330] [costmap.costmap]: The /velodyne_points observation buffer has not been updated for 25.35 seconds, and it should be updated every 10.00 seconds.
[WARN] [1788606751.675565948] [costmap.costmap]: The /velodyne_points observation buffer has not been updated for 25.35 seconds, and it should be updated every 10.00 seconds.
[WARN] [1788606751.875871103] [costmap.costmap]: The /velodyne_points observation buffer has not been updated for 25.55 seconds, and it should be updated every 10.00 seconds.
[WARN] [1788606751.876118961] [costmap.costmap]: The /velodyne_points observation buffer has not been updated for 25.55 seconds, and it should be updated every 10.00 seconds.
[WARN] [1788606752.075739416] [costmap.costmap]: The /velodyne_points observation buffer has not been updated for 25.75 seconds, and it should be updated every 10.00 seconds.
[WARN] [1788606752.075895995] [costmap.costmap]: The /velodyne_points observation buffer has not been updated for 25.75 seconds, and it should be updated every 10.00 seconds.
[WARN] [1788606752.275423964] [costmap.costmap]: The /velodyne_points observation buffer has not been updated for 25.95 seconds, and it should be updated every 10.00 seconds.
[WARN] [1788606752.275529355] [costmap.costmap]: The /velodyne_points observation buffer has not been updated for 25.95 seconds, and it should be updated every 10.00 seconds.
[WARN] [1788606752.476353828] [costmap.costmap]: The /velodyne_points observation buffer has not been updated for 26.15 seconds, and it should be updated every 10.00 seconds.
[WARN] [1788606752.476568855] [costmap.costmap]: The /velodyne_points observation buffer has not been updated for 26.15 seconds, and it should be updated every 10.00 seconds.
[WARN] [1788606752.675807663] [costmap.costmap]: The /velodyne_points observation buffer has not been updated for 26.35 seconds, and it should be updated every 10.00 seconds.
[WARN] [1788606752.675935918] [costmap.costmap]: The /velodyne_points observation buffer has not been updated for 26.35 seconds, and it should be updated every 10.00 seconds.
[WARN] [1788606752.876097115] [costmap.costmap]: The /velodyne_points observation buffer has not been updated for 26.55 seconds, and it should be updated every 10.00 seconds.
[WARN] [1788606752.876333527] [costmap.costmap]: The /velodyne_points observation buffer has not been updated for 26.55 seconds, and it should be updated every 10.00 seconds.
[WARN] [1788606753.075601363] [costmap.costmap]: The /velodyne_points observation buffer has not been updated for 26.75 seconds, and it should be updated every 10.00 seconds.
[WARN] [1788606753.075706327] [costmap.costmap]: The /velodyne_points observation buffer has not been updated for 26.75 seconds, and it should be updated every 10.00 seconds.
[WARN] [1788606753.275453699] [costmap.costmap]: The /velodyne_points observation buffer has not been updated for 26.95 seconds, and it should be updated every 10.00 seconds.
[WARN] [1788606753.275552676] [costmap.costmap]: The /velodyne_points observation buffer has not been updated for 26.95 seconds, and it should be updated every 10.00 seconds.
[WARN] [1788606753.475381432] [costmap.costmap]: The /velodyne_points observation buffer has not been updated for 27.15 seconds, and it should be updated every 10.00 seconds.
[WARN] [1788606753.475513609] [costmap.costmap]: The /velodyne_points observation buffer has not been updated for 27.15 seconds, and it should be updated every 10.00 seconds.
[WARN] [1788606753.675938095] [costmap.costmap]: The /velodyne_points observation buffer has not been updated for 27.35 seconds, and it should be updated every 10.00 seconds.
[WARN] [1788606753.676033266] [costmap.costmap]: The /velodyne_points observation buffer has not been updated for 27.35 seconds, and it should be updated every 10.00 seconds.
[WARN] [1788606753.875506233] [costmap.costmap]: The /velodyne_points observation buffer has not been updated for 27.55 seconds, and it should be updated every 10.00 seconds.
[WARN] [1788606753.875794120] [costmap.costmap]: The /velodyne_points observation buffer has not been updated for 27.55 seconds, and it should be updated every 10.00 seconds.
[WARN] [1788606754.075849678] [costmap.costmap]: The /velodyne_points observation buffer has not been updated for 27.75 seconds, and it should be updated every 10.00 seconds.
[WARN] [1788606754.075992922] [costmap.costmap]: The /velodyne_points observation buffer has not been updated for 27.75 seconds, and it should be updated every 10.00 seconds.
[WARN] [1788606754.275842842] [costmap.costmap]: The /velodyne_points observation buffer has not been updated for 27.95 seconds, and it should be updated every 10.00 seconds.
[WARN] [1788606754.275996709] [costmap.costmap]: The /velodyne_points observation buffer has not been updated for 27.95 seconds, and it should be updated every 10.00 seconds.
[WARN] [1788606754.476054051] [costmap.costmap]: The /velodyne_points observation buffer has not been updated for 28.15 seconds, and it should be updated every 10.00 seconds.
[WARN] [1788606754.476175558] [costmap.costmap]: The /velodyne_points observation buffer has not been updated for 28.15 seconds, and it should be updated every 10.00 seconds.
[WARN] [1788606754.675450263] [costmap.costmap]: The /velodyne_points observation buffer has not been updated for 28.35 seconds, and it should be updated every 10.00 seconds.
[WARN] [1788606754.678207978] [costmap.costmap]: The /velodyne_points observation buffer has not been updated for 28.36 seconds, and it should be updated every 10.00 seconds.
[WARN] [1788606754.875527283] [costmap.costmap]: The /velodyne_points observation buffer has not been updated for 28.55 seconds, and it should be updated every 10.00 seconds.
[WARN] [1788606754.875636517] [costmap.costmap]: The /velodyne_points observation buffer has not been updated for 28.55 seconds, and it should be updated every 10.00 seconds.
[WARN] [1788606755.075678132] [costmap.costmap]: The /velodyne_points observation buffer has not been updated for 28.75 seconds, and it should be updated every 10.00 seconds.
[WARN] [1788606755.075922541] [costmap.costmap]: The /velodyne_points observation buffer has not been updated for 28.75 seconds, and it should be updated every 10.00 seconds.
[WARN] [1788606755.275367402] [costmap.costmap]: The /velodyne_points observation buffer has not been updated for 28.95 seconds, and it should be updated every 10.00 seconds.
[WARN] [1788606755.275554054] [costmap.costmap]: The /velodyne_points observation buffer has not been updated for 28.95 seconds, and it should be updated every 10.00 seconds.
[WARN] [1788606755.475711266] [costmap.costmap]: The /velodyne_points observation buffer has not been updated for 29.15 seconds, and it should be updated every 10.00 seconds.
[WARN] [1788606755.475846159] [costmap.costmap]: The /velodyne_points observation buffer has not been updated for 29.15 seconds, and it should be updated every 10.00 seconds.
[WARN] [1788606755.675601812] [costmap.costmap]: The /velodyne_points observation buffer has not been updated for 29.35 seconds, and it should be updated every 10.00 seconds.
[WARN] [1788606755.675705669] [costmap.costmap]: The /velodyne_points observation buffer has not been updated for 29.35 seconds, and it should be updated every 10.00 seconds.
[WARN] [1788606755.875664879] [costmap.costmap]: The /velodyne_points observation buffer has not been updated for 29.55 seconds, and it should be updated every 10.00 seconds.
[WARN] [1788606755.875802294] [costmap.costmap]: The /velodyne_points observation buffer has not been updated for 29.55 seconds, and it should be updated every 10.00 seconds.
[WARN] [1788606756.076245316] [costmap.costmap]: The /velodyne_points observation buffer has not been updated for 29.75 seconds, and it should be updated every 10.00 seconds.
[WARN] [1788606756.076359133] [costmap.costmap]: The /velodyne_points observation buffer has not been updated for 29.75 seconds, and it should be updated every 10.00 seconds.
[WARN] [1788606756.275604209] [costmap.costmap]: The /velodyne_points observation buffer has not been updated for 29.95 seconds, and it should be updated every 10.00 seconds.
[WARN] [1788606756.275703241] [costmap.costmap]: The /velodyne_points observation buffer has not been updated for 29.95 seconds, and it should be updated every 10.00 seconds.
[WARN] [1788606756.475424033] [costmap.costmap]: The /velodyne_points observation buffer has not been updated for 30.15 seconds, and it should be updated every 10.00 seconds.
[WARN] [1788606756.475535388] [costmap.costmap]: The /velodyne_points observation buffer has not been updated for 30.15 seconds, and it should be updated every 10.00 seconds.
[WARN] [1788606756.677798488] [costmap.costmap]: The /velodyne_points observation buffer has not been updated for 30.36 seconds, and it should be updated every 10.00 seconds.
[WARN] [1788606756.677947006] [costmap.costmap]: The /velodyne_points observation buffer has not been updated for 30.36 seconds, and it should be updated every 10.00 seconds.
[WARN] [1788606756.875354160] [costmap.costmap]: The /velodyne_points observation buffer has not been updated for 30.55 seconds, and it should be updated every 10.00 seconds.
[WARN] [1788606756.875463195] [costmap.costmap]: The /velodyne_points observation buffer has not been updated for 30.55 seconds, and it should be updated every 10.00 seconds.
[WARN] [1788606757.075619109] [costmap.costmap]: The /velodyne_points observation buffer has not been updated for 30.75 seconds, and it should be updated every 10.00 seconds.
[WARN] [1788606757.075738552] [costmap.costmap]: The /velodyne_points observation buffer has not been updated for 30.75 seconds, and it should be updated every 10.00 seconds.
[WARN] [1788606757.275624014] [costmap.costmap]: The /velodyne_points observation buffer has not been updated for 30.95 seconds, and it should be updated every 10.00 seconds.
[WARN] [1788606757.275725164] [costmap.costmap]: The /velodyne_points observation buffer has not been updated for 30.95 seconds, and it should be updated every 10.00 seconds.
[WARN] [1788606757.475621374] [costmap.costmap]: The /velodyne_points observation buffer has not been updated for 31.15 seconds, and it should be updated every 10.00 seconds.
[WARN] [1788606757.475731289] [costmap.costmap]: The /velodyne_points observation buffer has not been updated for 31.15 seconds, and it should be updated every 10.00 seconds.
[WARN] [1788606757.675453141] [costmap.costmap]: The /velodyne_points observation buffer has not been updated for 31.35 seconds, and it should be updated every 10.00 seconds.
[WARN] [1788606757.675569166] [costmap.costmap]: The /velodyne_points observation buffer has not been updated for 31.35 seconds, and it should be updated every 10.00 seconds.
[WARN] [1788606757.875944571] [costmap.costmap]: The /velodyne_points observation buffer has not been updated for 31.55 seconds, and it should be updated every 10.00 seconds.
[WARN] [1788606757.876050000] [costmap.costmap]: The /velodyne_points observation buffer has not been updated for 31.55 seconds, and it should be updated every 10.00 seconds.
[WARN] [1788606758.075609081] [costmap.costmap]: The /velodyne_points observation buffer has not been updated for 31.75 seconds, and it should be updated every 10.00 seconds.
[WARN] [1788606758.075709147] [costmap.costmap]: The /velodyne_points observation buffer has not been updated for 31.75 seconds, and it should be updated every 10.00 seconds.
[WARN] [1788606758.275601585] [costmap.costmap]: The /velodyne_points observation buffer has not been updated for 31.95 seconds, and it should be updated every 10.00 seconds.
[WARN] [1788606758.275715701] [costmap.costmap]: The /velodyne_points observation buffer has not been updated for 31.95 seconds, and it should be updated every 10.00 seconds.
[WARN] [1788606758.475520013] [costmap.costmap]: The /velodyne_points observation buffer has not been updated for 32.15 seconds, and it should be updated every 10.00 seconds.
[WARN] [1788606758.475629897] [costmap.costmap]: The /velodyne_points observation buffer has not been updated for 32.15 seconds, and it should be updated every 10.00 seconds.
[WARN] [1788606758.675445456] [costmap.costmap]: The /velodyne_points observation buffer has not been updated for 32.35 seconds, and it should be updated every 10.00 seconds.
[WARN] [1788606758.675578645] [costmap.costmap]: The /velodyne_points observation buffer has not been updated for 32.35 seconds, and it should be updated every 10.00 seconds.
[WARN] [1788606758.875337016] [costmap.costmap]: The /velodyne_points observation buffer has not been updated for 32.55 seconds, and it should be updated every 10.00 seconds.
[WARN] [1788606758.875478805] [costmap.costmap]: The /velodyne_points observation buffer has not been updated for 32.55 seconds, and it should be updated every 10.00 seconds.
[WARN] [1788606759.075782936] [costmap.costmap]: The /velodyne_points observation buffer has not been updated for 32.75 seconds, and it should be updated every 10.00 seconds.
[WARN] [1788606759.075899400] [costmap.costmap]: The /velodyne_points observation buffer has not been updated for 32.75 seconds, and it should be updated every 10.00 seconds.
[WARN] [1788606759.275404414] [costmap.costmap]: The /velodyne_points observation buffer has not been updated for 32.95 seconds, and it should be updated every 10.00 seconds.
[WARN] [1788606759.275507148] [costmap.costmap]: The /velodyne_points observation buffer has not been updated for 32.95 seconds, and it should be updated every 10.00 seconds.
[WARN] [1788606759.475523261] [costmap.costmap]: The /velodyne_points observation buffer has not been updated for 33.15 seconds, and it should be updated every 10.00 seconds.
[WARN] [1788606759.475633292] [costmap.costmap]: The /velodyne_points observation buffer has not been updated for 33.15 seconds, and it should be updated every 10.00 seconds.
[WARN] [1788606759.675861085] [costmap.costmap]: The /velodyne_points observation buffer has not been updated for 33.35 seconds, and it should be updated every 10.00 seconds.
[WARN] [1788606759.675954380] [costmap.costmap]: The /velodyne_points observation buffer has not been updated for 33.35 seconds, and it should be updated every 10.00 seconds.
[WARN] [1788606759.876254773] [costmap.costmap]: The /velodyne_points observation buffer has not been updated for 33.55 seconds, and it should be updated every 10.00 seconds.
[WARN] [1788606759.876436765] [costmap.costmap]: The /velodyne_points observation buffer has not been updated for 33.55 seconds, and it should be updated every 10.00 seconds.
[WARN] [1788606760.075673856] [costmap.costmap]: The /velodyne_points observation buffer has not been updated for 33.75 seconds, and it should be updated every 10.00 seconds.
[WARN] [1788606760.075939551] [costmap.costmap]: The /velodyne_points observation buffer has not been updated for 33.75 seconds, and it should be updated every 10.00 seconds.
[WARN] [1788606760.276096281] [costmap.costmap]: The /velodyne_points observation buffer has not been updated for 33.95 seconds, and it should be updated every 10.00 seconds.
[WARN] [1788606760.276213685] [costmap.costmap]: The /velodyne_points observation buffer has not been updated for 33.95 seconds, and it should be updated every 10.00 seconds.
[WARN] [1788606760.475524576] [costmap.costmap]: The /velodyne_points observation buffer has not been updated for 34.15 seconds, and it should be updated every 10.00 seconds.
[WARN] [1788606760.475630440] [costmap.costmap]: The /velodyne_points observation buffer has not been updated for 34.15 seconds, and it should be updated every 10.00 seconds.
[WARN] [1788606760.675843458] [costmap.costmap]: The /velodyne_points observation buffer has not been updated for 34.35 seconds, and it should be updated every 10.00 seconds.
[WARN] [1788606760.675952525] [costmap.costmap]: The /velodyne_points observation buffer has not been updated for 34.35 seconds, and it should be updated every 10.00 seconds.
[WARN] [1788606760.875669540] [costmap.costmap]: The /velodyne_points observation buffer has not been updated for 34.55 seconds, and it should be updated every 10.00 seconds.
[WARN] [1788606760.875772768] [costmap.costmap]: The /velodyne_points observation buffer has not been updated for 34.55 seconds, and it should be updated every 10.00 seconds.
[WARN] [1788606761.075948896] [costmap.costmap]: The /velodyne_points observation buffer has not been updated for 34.75 seconds, and it should be updated every 10.00 seconds.
[WARN] [1788606761.076061907] [costmap.costmap]: The /velodyne_points observation buffer has not been updated for 34.75 seconds, and it should be updated every 10.00 seconds.
[WARN] [1788606761.275676148] [costmap.costmap]: The /velodyne_points observation buffer has not been updated for 34.95 seconds, and it should be updated every 10.00 seconds.
[WARN] [1788606761.275779043] [costmap.costmap]: The /velodyne_points observation buffer has not been updated for 34.95 seconds, and it should be updated every 10.00 seconds.
[WARN] [1788606761.475717913] [costmap.costmap]: The /velodyne_points observation buffer has not been updated for 35.15 seconds, and it should be updated every 10.00 seconds.
[WARN] [1788606761.475869280] [costmap.costmap]: The /velodyne_points observation buffer has not been updated for 35.15 seconds, and it should be updated every 10.00 seconds.
[WARN] [1788606761.675796784] [costmap.costmap]: The /velodyne_points observation buffer has not been updated for 35.35 seconds, and it should be updated every 10.00 seconds.
[WARN] [1788606761.675982621] [costmap.costmap]: The /velodyne_points observation buffer has not been updated for 35.35 seconds, and it should be updated every 10.00 seconds.
[WARN] [1788606761.875393603] [costmap.costmap]: The /velodyne_points observation buffer has not been updated for 35.55 seconds, and it should be updated every 10.00 seconds.
[WARN] [1788606761.875504510] [costmap.costmap]: The /velodyne_points observation buffer has not been updated for 35.55 seconds, and it should be updated every 10.00 seconds.
[WARN] [1788606762.075457222] [costmap.costmap]: The /velodyne_points observation buffer has not been updated for 35.75 seconds, and it should be updated every 10.00 seconds.
[WARN] [1788606762.075561757] [costmap.costmap]: The /velodyne_points observation buffer has not been updated for 35.75 seconds, and it should be updated every 10.00 seconds.
[WARN] [1788606762.275539282] [costmap.costmap]: The /velodyne_points observation buffer has not been updated for 35.95 seconds, and it should be updated every 10.00 seconds.
[WARN] [1788606762.275644796] [costmap.costmap]: The /velodyne_points observation buffer has not been updated for 35.95 seconds, and it should be updated every 10.00 seconds.
[WARN] [1788606762.476706040] [costmap.costmap]: The /velodyne_points observation buffer has not been updated for 36.15 seconds, and it should be updated every 10.00 seconds.
[WARN] [1788606762.476836554] [costmap.costmap]: The /velodyne_points observation buffer has not been updated for 36.15 seconds, and it should be updated every 10.00 seconds.
[WARN] [1788606762.675646041] [costmap.costmap]: The /velodyne_points observation buffer has not been updated for 36.35 seconds, and it should be updated every 10.00 seconds.
[WARN] [1788606762.675762692] [costmap.costmap]: The /velodyne_points observation buffer has not been updated for 36.35 seconds, and it should be updated every 10.00 seconds.
[WARN] [1788606762.875389613] [costmap.costmap]: The /velodyne_points observation buffer has not been updated for 36.55 seconds, and it should be updated every 10.00 seconds.
[WARN] [1788606762.875500222] [costmap.costmap]: The /velodyne_points observation buffer has not been updated for 36.55 seconds, and it should be updated every 10.00 seconds.
[WARN] [1788606763.075497434] [costmap.costmap]: The /velodyne_points observation buffer has not been updated for 36.75 seconds, and it should be updated every 10.00 seconds.
[WARN] [1788606763.075617911] [costmap.costmap]: The /velodyne_points observation buffer has not been updated for 36.75 seconds, and it should be updated every 10.00 seconds.
[WARN] [1788606763.275707340] [costmap.costmap]: The /velodyne_points observation buffer has not been updated for 36.95 seconds, and it should be updated every 10.00 seconds.
[WARN] [1788606763.275922024] [costmap.costmap]: The /velodyne_points observation buffer has not been updated for 36.95 seconds, and it should be updated every 10.00 seconds.
[WARN] [1788606763.475800239] [costmap.costmap]: The /velodyne_points observation buffer has not been updated for 37.15 seconds, and it should be updated every 10.00 seconds.
[WARN] [1788606763.475960694] [costmap.costmap]: The /velodyne_points observation buffer has not been updated for 37.15 seconds, and it should be updated every 10.00 seconds.
[WARN] [1788606763.675509716] [costmap.costmap]: The /velodyne_points observation buffer has not been updated for 37.35 seconds, and it should be updated every 10.00 seconds.
[WARN] [1788606763.675633734] [costmap.costmap]: The /velodyne_points observation buffer has not been updated for 37.35 seconds, and it should be updated every 10.00 seconds.
[WARN] [1788606763.876006469] [costmap.costmap]: The /velodyne_points observation buffer has not been updated for 37.55 seconds, and it should be updated every 10.00 seconds.
[WARN] [1788606763.876380656] [costmap.costmap]: The /velodyne_points observation buffer has not been updated for 37.55 seconds, and it should be updated every 10.00 seconds.
[WARN] [1788606764.075893090] [costmap.costmap]: The /velodyne_points observation buffer has not been updated for 37.75 seconds, and it should be updated every 10.00 seconds.
[WARN] [1788606764.075997820] [costmap.costmap]: The /velodyne_points observation buffer has not been updated for 37.75 seconds, and it should be updated every 10.00 seconds.
[WARN] [1788606764.275848429] [costmap.costmap]: The /velodyne_points observation buffer has not been updated for 37.95 seconds, and it should be updated every 10.00 seconds.
[WARN] [1788606764.275969139] [costmap.costmap]: The /velodyne_points observation buffer has not been updated for 37.95 seconds, and it should be updated every 10.00 seconds.
[WARN] [1788606764.475766437] [costmap.costmap]: The /velodyne_points observation buffer has not been updated for 38.15 seconds, and it should be updated every 10.00 seconds.
[WARN] [1788606764.475892558] [costmap.costmap]: The /velodyne_points observation buffer has not been updated for 38.15 seconds, and it should be updated every 10.00 seconds.
[WARN] [1788606764.675444809] [costmap.costmap]: The /velodyne_points observation buffer has not been updated for 38.35 seconds, and it should be updated every 10.00 seconds.
[WARN] [1788606764.675560253] [costmap.costmap]: The /velodyne_points observation buffer has not been updated for 38.35 seconds, and it should be updated every 10.00 seconds.
[WARN] [1788606764.881514700] [costmap.costmap]: The /velodyne_points observation buffer has not been updated for 38.56 seconds, and it should be updated every 10.00 seconds.
[WARN] [1788606764.881842683] [costmap.costmap]: The /velodyne_points observation buffer has not been updated for 38.56 seconds, and it should be updated every 10.00 seconds.
[WARN] [1788606765.075395430] [costmap.costmap]: The /velodyne_points observation buffer has not been updated for 38.75 seconds, and it should be updated every 10.00 seconds.
[WARN] [1788606765.075528621] [costmap.costmap]: The /velodyne_points observation buffer has not been updated for 38.75 seconds, and it should be updated every 10.00 seconds.
[WARN] [1788606765.276339462] [costmap.costmap]: The /velodyne_points observation buffer has not been updated for 38.95 seconds, and it should be updated every 10.00 seconds.
[WARN] [1788606765.276603391] [costmap.costmap]: The /velodyne_points observation buffer has not been updated for 38.95 seconds, and it should be updated every 10.00 seconds.
[WARN] [1788606765.475490968] [costmap.costmap]: The /velodyne_points observation buffer has not been updated for 39.15 seconds, and it should be updated every 10.00 seconds.
[WARN] [1788606765.475604634] [costmap.costmap]: The /velodyne_points observation buffer has not been updated for 39.15 seconds, and it should be updated every 10.00 seconds.
[WARN] [1788606765.675489217] [costmap.costmap]: The /velodyne_points observation buffer has not been updated for 39.35 seconds, and it should be updated every 10.00 seconds.
[WARN] [1788606765.675598775] [costmap.costmap]: The /velodyne_points observation buffer has not been updated for 39.35 seconds, and it should be updated every 10.00 seconds.
[WARN] [1788606765.875811192] [costmap.costmap]: The /velodyne_points observation buffer has not been updated for 39.55 seconds, and it should be updated every 10.00 seconds.
[WARN] [1788606765.876105055] [costmap.costmap]: The /velodyne_points observation buffer has not been updated for 39.55 seconds, and it should be updated every 10.00 seconds.
[WARN] [1788606766.075490194] [costmap.costmap]: The /velodyne_points observation buffer has not been updated for 39.75 seconds, and it should be updated every 10.00 seconds.
[WARN] [1788606766.075642662] [costmap.costmap]: The /velodyne_points observation buffer has not been updated for 39.75 seconds, and it should be updated every 10.00 seconds.
[WARN] [1788606766.275530851] [costmap.costmap]: The /velodyne_points observation buffer has not been updated for 39.95 seconds, and it should be updated every 10.00 seconds.
[WARN] [1788606766.275639778] [costmap.costmap]: The /velodyne_points observation buffer has not been updated for 39.95 seconds, and it should be updated every 10.00 seconds.
[WARN] [1788606766.475360214] [costmap.costmap]: The /velodyne_points observation buffer has not been updated for 40.15 seconds, and it should be updated every 10.00 seconds.
[WARN] [1788606766.475471160] [costmap.costmap]: The /velodyne_points observation buffer has not been updated for 40.15 seconds, and it should be updated every 10.00 seconds.
[WARN] [1788606766.675845817] [costmap.costmap]: The /velodyne_points observation buffer has not been updated for 40.35 seconds, and it should be updated every 10.00 seconds.
[WARN] [1788606766.676139156] [costmap.costmap]: The /velodyne_points observation buffer has not been updated for 40.35 seconds, and it should be updated every 10.00 seconds.
[WARN] [1788606766.875838211] [costmap.costmap]: The /velodyne_points observation buffer has not been updated for 40.55 seconds, and it should be updated every 10.00 seconds.
[WARN] [1788606766.876141311] [costmap.costmap]: The /velodyne_points observation buffer has not been updated for 40.55 seconds, and it should be updated every 10.00 seconds.
[WARN] [1788606767.075425696] [costmap.costmap]: The /velodyne_points observation buffer has not been updated for 40.75 seconds, and it should be updated every 10.00 seconds.
[WARN] [1788606767.075536020] [costmap.costmap]: The /velodyne_points observation buffer has not been updated for 40.75 seconds, and it should be updated every 10.00 seconds.
[WARN] [1788606767.275444535] [costmap.costmap]: The /velodyne_points observation buffer has not been updated for 40.95 seconds, and it should be updated every 10.00 seconds.
[WARN] [1788606767.275552282] [costmap.costmap]: The /velodyne_points observation buffer has not been updated for 40.95 seconds, and it should be updated every 10.00 seconds.
[WARN] [1788606767.475796331] [costmap.costmap]: The /velodyne_points observation buffer has not been updated for 41.15 seconds, and it should be updated every 10.00 seconds.
[WARN] [1788606767.476002749] [costmap.costmap]: The /velodyne_points observation buffer has not been updated for 41.15 seconds, and it should be updated every 10.00 seconds.
[WARN] [1788606767.676125566] [costmap.costmap]: The /velodyne_points observation buffer has not been updated for 41.35 seconds, and it should be updated every 10.00 seconds.
[WARN] [1788606767.676227549] [costmap.costmap]: The /velodyne_points observation buffer has not been updated for 41.35 seconds, and it should be updated every 10.00 seconds.
[WARN] [1788606767.875724422] [costmap.costmap]: The /velodyne_points observation buffer has not been updated for 41.55 seconds, and it should be updated every 10.00 seconds.
[WARN] [1788606767.876069342] [costmap.costmap]: The /velodyne_points observation buffer has not been updated for 41.55 seconds, and it should be updated every 10.00 seconds.
[WARN] [1788606768.076159257] [costmap.costmap]: The /velodyne_points observation buffer has not been updated for 41.75 seconds, and it should be updated every 10.00 seconds.
[WARN] [1788606768.076317865] [costmap.costmap]: The /velodyne_points observation buffer has not been updated for 41.75 seconds, and it should be updated every 10.00 seconds.
[WARN] [1788606768.275644126] [costmap.costmap]: The /velodyne_points observation buffer has not been updated for 41.95 seconds, and it should be updated every 10.00 seconds.
[WARN] [1788606768.275748338] [costmap.costmap]: The /velodyne_points observation buffer has not been updated for 41.95 seconds, and it should be updated every 10.00 seconds.
[WARN] [1788606768.475802743] [costmap.costmap]: The /velodyne_points observation buffer has not been updated for 42.15 seconds, and it should be updated every 10.00 seconds.
[WARN] [1788606768.476143670] [costmap.costmap]: The /velodyne_points observation buffer has not been updated for 42.15 seconds, and it should be updated every 10.00 seconds.
[WARN] [1788606768.675447790] [costmap.costmap]: The /velodyne_points observation buffer has not been updated for 42.35 seconds, and it should be updated every 10.00 seconds.
[WARN] [1788606768.675575053] [costmap.costmap]: The /velodyne_points observation buffer has not been updated for 42.35 seconds, and it should be updated every 10.00 seconds.
[WARN] [1788606768.875795234] [costmap.costmap]: The /velodyne_points observation buffer has not been updated for 42.55 seconds, and it should be updated every 10.00 seconds.
[WARN] [1788606768.875929127] [costmap.costmap]: The /velodyne_points observation buffer has not been updated for 42.55 seconds, and it should be updated every 10.00 seconds.
[WARN] [1788606769.075399676] [costmap.costmap]: The /velodyne_points observation buffer has not been updated for 42.75 seconds, and it should be updated every 10.00 seconds.
[WARN] [1788606769.075516431] [costmap.costmap]: The /velodyne_points observation buffer has not been updated for 42.75 seconds, and it should be updated every 10.00 seconds.
[WARN] [1788606769.275638210] [costmap.costmap]: The /velodyne_points observation buffer has not been updated for 42.95 seconds, and it should be updated every 10.00 seconds.
[WARN] [1788606769.275763487] [costmap.costmap]: The /velodyne_points observation buffer has not been updated for 42.95 seconds, and it should be updated every 10.00 seconds.
[WARN] [1788606769.475373851] [costmap.costmap]: The /velodyne_points observation buffer has not been updated for 43.15 seconds, and it should be updated every 10.00 seconds.
[WARN] [1788606769.475519682] [costmap.costmap]: The /velodyne_points observation buffer has not been updated for 43.15 seconds, and it should be updated every 10.00 seconds.
[WARN] [1788606769.675767580] [costmap.costmap]: The /velodyne_points observation buffer has not been updated for 43.35 seconds, and it should be updated every 10.00 seconds.
[WARN] [1788606769.675917772] [costmap.costmap]: The /velodyne_points observation buffer has not been updated for 43.35 seconds, and it should be updated every 10.00 seconds.
[WARN] [1788606769.875442719] [costmap.costmap]: The /velodyne_points observation buffer has not been updated for 43.55 seconds, and it should be updated every 10.00 seconds.
[WARN] [1788606769.875583040] [costmap.costmap]: The /velodyne_points observation buffer has not been updated for 43.55 seconds, and it should be updated every 10.00 seconds.
[WARN] [1788606770.075390572] [costmap.costmap]: The /velodyne_points observation buffer has not been updated for 43.75 seconds, and it should be updated every 10.00 seconds.
[WARN] [1788606770.075518892] [costmap.costmap]: The /velodyne_points observation buffer has not been updated for 43.75 seconds, and it should be updated every 10.00 seconds.
[WARN] [1788606770.276368307] [costmap.costmap]: The /velodyne_points observation buffer has not been updated for 43.95 seconds, and it should be updated every 10.00 seconds.
[WARN] [1788606770.276480337] [costmap.costmap]: The /velodyne_points observation buffer has not been updated for 43.95 seconds, and it should be updated every 10.00 seconds.
[WARN] [1788606770.475761411] [costmap.costmap]: The /velodyne_points observation buffer has not been updated for 44.15 seconds, and it should be updated every 10.00 seconds.
[WARN] [1788606770.475930633] [costmap.costmap]: The /velodyne_points observation buffer has not been updated for 44.15 seconds, and it should be updated every 10.00 seconds.
[WARN] [1788606770.675392878] [costmap.costmap]: The /velodyne_points observation buffer has not been updated for 44.35 seconds, and it should be updated every 10.00 seconds.
[WARN] [1788606770.675499702] [costmap.costmap]: The /velodyne_points observation buffer has not been updated for 44.35 seconds, and it should be updated every 10.00 seconds.
[WARN] [1788606770.875399766] [costmap.costmap]: The /velodyne_points observation buffer has not been updated for 44.55 seconds, and it should be updated every 10.00 seconds.
[WARN] [1788606770.875568272] [costmap.costmap]: The /velodyne_points observation buffer has not been updated for 44.55 seconds, and it should be updated every 10.00 seconds.
[WARN] [1788606771.077148975] [costmap.costmap]: The /velodyne_points observation buffer has not been updated for 44.75 seconds, and it should be updated every 10.00 seconds.
[WARN] [1788606771.079365456] [costmap.costmap]: The /velodyne_points observation buffer has not been updated for 44.76 seconds, and it should be updated every 10.00 seconds.
[WARN] [1788606771.275509520] [costmap.costmap]: The /velodyne_points observation buffer has not been updated for 44.95 seconds, and it should be updated every 10.00 seconds.
[WARN] [1788606771.275608207] [costmap.costmap]: The /velodyne_points observation buffer has not been updated for 44.95 seconds, and it should be updated every 10.00 seconds.
[WARN] [1788606771.476162380] [costmap.costmap]: The /velodyne_points observation buffer has not been updated for 45.15 seconds, and it should be updated every 10.00 seconds.
[WARN] [1788606771.476274400] [costmap.costmap]: The /velodyne_points observation buffer has not been updated for 45.15 seconds, and it should be updated every 10.00 seconds.
[WARN] [1788606771.675685686] [costmap.costmap]: The /velodyne_points observation buffer has not been updated for 45.35 seconds, and it should be updated every 10.00 seconds.
[WARN] [1788606771.675826950] [costmap.costmap]: The /velodyne_points observation buffer has not been updated for 45.35 seconds, and it should be updated every 10.00 seconds.
[WARN] [1788606771.875525694] [costmap.costmap]: The /velodyne_points observation buffer has not been updated for 45.55 seconds, and it should be updated every 10.00 seconds.
[WARN] [1788606771.875639683] [costmap.costmap]: The /velodyne_points observation buffer has not been updated for 45.55 seconds, and it should be updated every 10.00 seconds.
[WARN] [1788606772.076121844] [costmap.costmap]: The /velodyne_points observation buffer has not been updated for 45.75 seconds, and it should be updated every 10.00 seconds.
[WARN] [1788606772.076359278] [costmap.costmap]: The /velodyne_points observation buffer has not been updated for 45.75 seconds, and it should be updated every 10.00 seconds.
[WARN] [1788606772.275720109] [costmap.costmap]: The /velodyne_points observation buffer has not been updated for 45.95 seconds, and it should be updated every 10.00 seconds.
[WARN] [1788606772.275884411] [costmap.costmap]: The /velodyne_points observation buffer has not been updated for 45.95 seconds, and it should be updated every 10.00 seconds.
[WARN] [1788606772.476048141] [costmap.costmap]: The /velodyne_points observation buffer has not been updated for 46.15 seconds, and it should be updated every 10.00 seconds.
[WARN] [1788606772.476156237] [costmap.costmap]: The /velodyne_points observation buffer has not been updated for 46.15 seconds, and it should be updated every 10.00 seconds.
[WARN] [1788606772.675382246] [costmap.costmap]: The /velodyne_points observation buffer has not been updated for 46.35 seconds, and it should be updated every 10.00 seconds.
[WARN] [1788606772.675496324] [costmap.costmap]: The /velodyne_points observation buffer has not been updated for 46.35 seconds, and it should be updated every 10.00 seconds.
[WARN] [1788606772.877463129] [costmap.costmap]: The /velodyne_points observation buffer has not been updated for 46.55 seconds, and it should be updated every 10.00 seconds.
[WARN] [1788606772.877609179] [costmap.costmap]: The /velodyne_points observation buffer has not been updated for 46.56 seconds, and it should be updated every 10.00 seconds.
[WARN] [1788606773.076099419] [costmap.costmap]: The /velodyne_points observation buffer has not been updated for 46.75 seconds, and it should be updated every 10.00 seconds.
[WARN] [1788606773.076467693] [costmap.costmap]: The /velodyne_points observation buffer has not been updated for 46.75 seconds, and it should be updated every 10.00 seconds.
[WARN] [1788606773.275614882] [costmap.costmap]: The /velodyne_points observation buffer has not been updated for 46.95 seconds, and it should be updated every 10.00 seconds.
[WARN] [1788606773.275724072] [costmap.costmap]: The /velodyne_points observation buffer has not been updated for 46.95 seconds, and it should be updated every 10.00 seconds.
[WARN] [1788606773.475545196] [costmap.costmap]: The /velodyne_points observation buffer has not been updated for 47.15 seconds, and it should be updated every 10.00 seconds.
[WARN] [1788606773.475741990] [costmap.costmap]: The /velodyne_points observation buffer has not been updated for 47.15 seconds, and it should be updated every 10.00 seconds.
[WARN] [1788606773.677524999] [costmap.costmap]: The /velodyne_points observation buffer has not been updated for 47.36 seconds, and it should be updated every 10.00 seconds.
[WARN] [1788606773.677699460] [costmap.costmap]: The /velodyne_points observation buffer has not been updated for 47.36 seconds, and it should be updated every 10.00 seconds.
[WARN] [1788606773.875917308] [costmap.costmap]: The /velodyne_points observation buffer has not been updated for 47.55 seconds, and it should be updated every 10.00 seconds.
[WARN] [1788606773.876243640] [costmap.costmap]: The /velodyne_points observation buffer has not been updated for 47.55 seconds, and it should be updated every 10.00 seconds.
[WARN] [1788606774.075520926] [costmap.costmap]: The /velodyne_points observation buffer has not been updated for 47.75 seconds, and it should be updated every 10.00 seconds.
[WARN] [1788606774.075624133] [costmap.costmap]: The /velodyne_points observation buffer has not been updated for 47.75 seconds, and it should be updated every 10.00 seconds.
[WARN] [1788606774.275708330] [costmap.costmap]: The /velodyne_points observation buffer has not been updated for 47.95 seconds, and it should be updated every 10.00 seconds.
[WARN] [1788606774.275841680] [costmap.costmap]: The /velodyne_points observation buffer has not been updated for 47.95 seconds, and it should be updated every 10.00 seconds.
[WARN] [1788606774.475788855] [costmap.costmap]: The /velodyne_points observation buffer has not been updated for 48.15 seconds, and it should be updated every 10.00 seconds.
[WARN] [1788606774.475948558] [costmap.costmap]: The /velodyne_points observation buffer has not been updated for 48.15 seconds, and it should be updated every 10.00 seconds.
[WARN] [1788606774.675814841] [costmap.costmap]: The /velodyne_points observation buffer has not been updated for 48.35 seconds, and it should be updated every 10.00 seconds.
[WARN] [1788606774.676124624] [costmap.costmap]: The /velodyne_points observation buffer has not been updated for 48.35 seconds, and it should be updated every 10.00 seconds.
[WARN] [1788606774.875662268] [costmap.costmap]: The /velodyne_points observation buffer has not been updated for 48.55 seconds, and it should be updated every 10.00 seconds.
[WARN] [1788606774.875786221] [costmap.costmap]: The /velodyne_points observation buffer has not been updated for 48.55 seconds, and it should be updated every 10.00 seconds.
[WARN] [1788606775.075547600] [costmap.costmap]: The /velodyne_points observation buffer has not been updated for 48.75 seconds, and it should be updated every 10.00 seconds.
[WARN] [1788606775.075666259] [costmap.costmap]: The /velodyne_points observation buffer has not been updated for 48.75 seconds, and it should be updated every 10.00 seconds.
[WARN] [1788606775.276260640] [costmap.costmap]: The /velodyne_points observation buffer has not been updated for 48.95 seconds, and it should be updated every 10.00 seconds.
[WARN] [1788606775.276396568] [costmap.costmap]: The /velodyne_points observation buffer has not been updated for 48.95 seconds, and it should be updated every 10.00 seconds.
[WARN] [1788606775.475779637] [costmap.costmap]: The /velodyne_points observation buffer has not been updated for 49.15 seconds, and it should be updated every 10.00 seconds.
[WARN] [1788606775.475877947] [costmap.costmap]: The /velodyne_points observation buffer has not been updated for 49.15 seconds, and it should be updated every 10.00 seconds.
[WARN] [1788606775.679145618] [costmap.costmap]: The /velodyne_points observation buffer has not been updated for 49.36 seconds, and it should be updated every 10.00 seconds.
[WARN] [1788606775.684590465] [costmap.costmap]: The /velodyne_points observation buffer has not been updated for 49.36 seconds, and it should be updated every 10.00 seconds.
[WARN] [1788606775.876695143] [costmap.costmap]: The /velodyne_points observation buffer has not been updated for 49.55 seconds, and it should be updated every 10.00 seconds.
[WARN] [1788606775.876924169] [costmap.costmap]: The /velodyne_points observation buffer has not been updated for 49.55 seconds, and it should be updated every 10.00 seconds.
[WARN] [1788606776.079701541] [costmap.costmap]: The /velodyne_points observation buffer has not been updated for 49.76 seconds, and it should be updated every 10.00 seconds.
[WARN] [1788606776.079822131] [costmap.costmap]: The /velodyne_points observation buffer has not been updated for 49.76 seconds, and it should be updated every 10.00 seconds.
[WARN] [1788606776.277733616] [costmap.costmap]: The /velodyne_points observation buffer has not been updated for 49.96 seconds, and it should be updated every 10.00 seconds.
[WARN] [1788606776.277861504] [costmap.costmap]: The /velodyne_points observation buffer has not been updated for 49.96 seconds, and it should be updated every 10.00 seconds.
[WARN] [1788606776.475480188] [costmap.costmap]: The /velodyne_points observation buffer has not been updated for 50.15 seconds, and it should be updated every 10.00 seconds.
[WARN] [1788606776.475569634] [costmap.costmap]: The /velodyne_points observation buffer has not been updated for 50.15 seconds, and it should be updated every 10.00 seconds.
[WARN] [1788606776.675553032] [costmap.costmap]: The /velodyne_points observation buffer has not been updated for 50.35 seconds, and it should be updated every 10.00 seconds.
[WARN] [1788606776.675657659] [costmap.costmap]: The /velodyne_points observation buffer has not been updated for 50.35 seconds, and it should be updated every 10.00 seconds.
[WARN] [1788606776.875685721] [costmap.costmap]: The /velodyne_points observation buffer has not been updated for 50.55 seconds, and it should be updated every 10.00 seconds.
[WARN] [1788606776.875938292] [costmap.costmap]: The /velodyne_points observation buffer has not been updated for 50.55 seconds, and it should be updated every 10.00 seconds.
[WARN] [1788606777.075398216] [costmap.costmap]: The /velodyne_points observation buffer has not been updated for 50.75 seconds, and it should be updated every 10.00 seconds.
[WARN] [1788606777.075523641] [costmap.costmap]: The /velodyne_points observation buffer has not been updated for 50.75 seconds, and it should be updated every 10.00 seconds.
[WARN] [1788606777.277192953] [costmap.costmap]: The /velodyne_points observation buffer has not been updated for 50.95 seconds, and it should be updated every 10.00 seconds.
[WARN] [1788606777.277400745] [costmap.costmap]: The /velodyne_points observation buffer has not been updated for 50.95 seconds, and it should be updated every 10.00 seconds.
[WARN] [1788606777.475532054] [costmap.costmap]: The /velodyne_points observation buffer has not been updated for 51.15 seconds, and it should be updated every 10.00 seconds.
[WARN] [1788606777.475806915] [costmap.costmap]: The /velodyne_points observation buffer has not been updated for 51.15 seconds, and it should be updated every 10.00 seconds.
[WARN] [1788606777.675674482] [costmap.costmap]: The /velodyne_points observation buffer has not been updated for 51.35 seconds, and it should be updated every 10.00 seconds.
[WARN] [1788606777.675778115] [costmap.costmap]: The /velodyne_points observation buffer has not been updated for 51.35 seconds, and it should be updated every 10.00 seconds.
[WARN] [1788606777.875551005] [costmap.costmap]: The /velodyne_points observation buffer has not been updated for 51.55 seconds, and it should be updated every 10.00 seconds.
[WARN] [1788606777.875750097] [costmap.costmap]: The /velodyne_points observation buffer has not been updated for 51.55 seconds, and it should be updated every 10.00 seconds.
[WARN] [1788606778.075693291] [costmap.costmap]: The /velodyne_points observation buffer has not been updated for 51.75 seconds, and it should be updated every 10.00 seconds.
[WARN] [1788606778.075822323] [costmap.costmap]: The /velodyne_points observation buffer has not been updated for 51.75 seconds, and it should be updated every 10.00 seconds.
[WARN] [1788606778.276201825] [costmap.costmap]: The /velodyne_points observation buffer has not been updated for 51.95 seconds, and it should be updated every 10.00 seconds.
[WARN] [1788606778.276340430] [costmap.costmap]: The /velodyne_points observation buffer has not been updated for 51.95 seconds, and it should be updated every 10.00 seconds.
[WARN] [1788606778.475438967] [costmap.costmap]: The /velodyne_points observation buffer has not been updated for 52.15 seconds, and it should be updated every 10.00 seconds.
[WARN] [1788606778.475575869] [costmap.costmap]: The /velodyne_points observation buffer has not been updated for 52.15 seconds, and it should be updated every 10.00 seconds.
[WARN] [1788606778.675640228] [costmap.costmap]: The /velodyne_points observation buffer has not been updated for 52.35 seconds, and it should be updated every 10.00 seconds.
[WARN] [1788606778.675771089] [costmap.costmap]: The /velodyne_points observation buffer has not been updated for 52.35 seconds, and it should be updated every 10.00 seconds.
[WARN] [1788606778.875523124] [costmap.costmap]: The /velodyne_points observation buffer has not been updated for 52.55 seconds, and it should be updated every 10.00 seconds.
[WARN] [1788606778.875643061] [costmap.costmap]: The /velodyne_points observation buffer has not been updated for 52.55 seconds, and it should be updated every 10.00 seconds.
[WARN] [1788606779.075912698] [costmap.costmap]: The /velodyne_points observation buffer has not been updated for 52.75 seconds, and it should be updated every 10.00 seconds.
[WARN] [1788606779.076218157] [costmap.costmap]: The /velodyne_points observation buffer has not been updated for 52.75 seconds, and it should be updated every 10.00 seconds.
[WARN] [1788606779.276306952] [costmap.costmap]: The /velodyne_points observation buffer has not been updated for 52.95 seconds, and it should be updated every 10.00 seconds.
[WARN] [1788606779.276401030] [costmap.costmap]: The /velodyne_points observation buffer has not been updated for 52.95 seconds, and it should be updated every 10.00 seconds.
[WARN] [1788606779.475594834] [costmap.costmap]: The /velodyne_points observation buffer has not been updated for 53.15 seconds, and it should be updated every 10.00 seconds.
[WARN] [1788606779.475698631] [costmap.costmap]: The /velodyne_points observation buffer has not been updated for 53.15 seconds, and it should be updated every 10.00 seconds.
[WARN] [1788606779.675565126] [costmap.costmap]: The /velodyne_points observation buffer has not been updated for 53.35 seconds, and it should be updated every 10.00 seconds.
[WARN] [1788606779.675804646] [costmap.costmap]: The /velodyne_points observation buffer has not been updated for 53.35 seconds, and it should be updated every 10.00 seconds.
[WARN] [1788606779.875368325] [costmap.costmap]: The /velodyne_points observation buffer has not been updated for 53.55 seconds, and it should be updated every 10.00 seconds.
[WARN] [1788606779.875496578] [costmap.costmap]: The /velodyne_points observation buffer has not been updated for 53.55 seconds, and it should be updated every 10.00 seconds.
[WARN] [1788606780.075888081] [costmap.costmap]: The /velodyne_points observation buffer has not been updated for 53.75 seconds, and it should be updated every 10.00 seconds.
[WARN] [1788606780.075987051] [costmap.costmap]: The /velodyne_points observation buffer has not been updated for 53.75 seconds, and it should be updated every 10.00 seconds.
[WARN] [1788606780.275394414] [costmap.costmap]: The /velodyne_points observation buffer has not been updated for 53.95 seconds, and it should be updated every 10.00 seconds.
[WARN] [1788606780.275521351] [costmap.costmap]: The /velodyne_points observation buffer has not been updated for 53.95 seconds, and it should be updated every 10.00 seconds.
[WARN] [1788606780.475546119] [costmap.costmap]: The /velodyne_points observation buffer has not been updated for 54.15 seconds, and it should be updated every 10.00 seconds.
[WARN] [1788606780.475645938] [costmap.costmap]: The /velodyne_points observation buffer has not been updated for 54.15 seconds, and it should be updated every 10.00 seconds.
[WARN] [1788606780.675476986] [costmap.costmap]: The /velodyne_points observation buffer has not been updated for 54.35 seconds, and it should be updated every 10.00 seconds.
[WARN] [1788606780.675612841] [costmap.costmap]: The /velodyne_points observation buffer has not been updated for 54.35 seconds, and it should be updated every 10.00 seconds.
[WARN] [1788606780.875429006] [costmap.costmap]: The /velodyne_points observation buffer has not been updated for 54.55 seconds, and it should be updated every 10.00 seconds.
[WARN] [1788606780.875531780] [costmap.costmap]: The /velodyne_points observation buffer has not been updated for 54.55 seconds, and it should be updated every 10.00 seconds.
[WARN] [1788606781.075900971] [costmap.costmap]: The /velodyne_points observation buffer has not been updated for 54.75 seconds, and it should be updated every 10.00 seconds.
[WARN] [1788606781.076210927] [costmap.costmap]: The /velodyne_points observation buffer has not been updated for 54.75 seconds, and it should be updated every 10.00 seconds.
[WARN] [1788606781.275583294] [costmap.costmap]: The /velodyne_points observation buffer has not been updated for 54.95 seconds, and it should be updated every 10.00 seconds.
[WARN] [1788606781.275813380] [costmap.costmap]: The /velodyne_points observation buffer has not been updated for 54.95 seconds, and it should be updated every 10.00 seconds.
[WARN] [1788606781.475717564] [costmap.costmap]: The /velodyne_points observation buffer has not been updated for 55.15 seconds, and it should be updated every 10.00 seconds.
[WARN] [1788606781.475882436] [costmap.costmap]: The /velodyne_points observation buffer has not been updated for 55.15 seconds, and it should be updated every 10.00 seconds.
[WARN] [1788606781.675552289] [costmap.costmap]: The /velodyne_points observation buffer has not been updated for 55.35 seconds, and it should be updated every 10.00 seconds.
[WARN] [1788606781.675718748] [costmap.costmap]: The /velodyne_points observation buffer has not been updated for 55.35 seconds, and it should be updated every 10.00 seconds.
[WARN] [1788606781.876025481] [costmap.costmap]: The /velodyne_points observation buffer has not been updated for 55.55 seconds, and it should be updated every 10.00 seconds.
[WARN] [1788606781.876235913] [costmap.costmap]: The /velodyne_points observation buffer has not been updated for 55.55 seconds, and it should be updated every 10.00 seconds.
[WARN] [1788606782.075771886] [costmap.costmap]: The /velodyne_points observation buffer has not been updated for 55.75 seconds, and it should be updated every 10.00 seconds.
[WARN] [1788606782.076009071] [costmap.costmap]: The /velodyne_points observation buffer has not been updated for 55.75 seconds, and it should be updated every 10.00 seconds.
[WARN] [1788606782.275691416] [costmap.costmap]: The /velodyne_points observation buffer has not been updated for 55.95 seconds, and it should be updated every 10.00 seconds.
[WARN] [1788606782.275786412] [costmap.costmap]: The /velodyne_points observation buffer has not been updated for 55.95 seconds, and it should be updated every 10.00 seconds.
[WARN] [1788606782.475808260] [costmap.costmap]: The /velodyne_points observation buffer has not been updated for 56.15 seconds, and it should be updated every 10.00 seconds.
[WARN] [1788606782.475950577] [costmap.costmap]: The /velodyne_points observation buffer has not been updated for 56.15 seconds, and it should be updated every 10.00 seconds.
[WARN] [1788606782.675733621] [costmap.costmap]: The /velodyne_points observation buffer has not been updated for 56.35 seconds, and it should be updated every 10.00 seconds.
[WARN] [1788606782.675867399] [costmap.costmap]: The /velodyne_points observation buffer has not been updated for 56.35 seconds, and it should be updated every 10.00 seconds.
[WARN] [1788606782.875676584] [costmap.costmap]: The /velodyne_points observation buffer has not been updated for 56.55 seconds, and it should be updated every 10.00 seconds.
[WARN] [1788606782.875844015] [costmap.costmap]: The /velodyne_points observation buffer has not been updated for 56.55 seconds, and it should be updated every 10.00 seconds.
[WARN] [1788606783.075500669] [costmap.costmap]: The /velodyne_points observation buffer has not been updated for 56.75 seconds, and it should be updated every 10.00 seconds.
[WARN] [1788606783.075625397] [costmap.costmap]: The /velodyne_points observation buffer has not been updated for 56.75 seconds, and it should be updated every 10.00 seconds.
[WARN] [1788606783.275370044] [costmap.costmap]: The /velodyne_points observation buffer has not been updated for 56.95 seconds, and it should be updated every 10.00 seconds.
[WARN] [1788606783.275476025] [costmap.costmap]: The /velodyne_points observation buffer has not been updated for 56.95 seconds, and it should be updated every 10.00 seconds.
[WARN] [1788606783.475355121] [costmap.costmap]: The /velodyne_points observation buffer has not been updated for 57.15 seconds, and it should be updated every 10.00 seconds.
[WARN] [1788606783.475460446] [costmap.costmap]: The /velodyne_points observation buffer has not been updated for 57.15 seconds, and it should be updated every 10.00 seconds.
[WARN] [1788606783.675818529] [costmap.costmap]: The /velodyne_points observation buffer has not been updated for 57.35 seconds, and it should be updated every 10.00 seconds.
[WARN] [1788606783.675971127] [costmap.costmap]: The /velodyne_points observation buffer has not been updated for 57.35 seconds, and it should be updated every 10.00 seconds.
[WARN] [1788606783.875417497] [costmap.costmap]: The /velodyne_points observation buffer has not been updated for 57.55 seconds, and it should be updated every 10.00 seconds.
[WARN] [1788606783.875541533] [costmap.costmap]: The /velodyne_points observation buffer has not been updated for 57.55 seconds, and it should be updated every 10.00 seconds.
[WARN] [1788606784.075779274] [costmap.costmap]: The /velodyne_points observation buffer has not been updated for 57.75 seconds, and it should be updated every 10.00 seconds.
[WARN] [1788606784.075886704] [costmap.costmap]: The /velodyne_points observation buffer has not been updated for 57.75 seconds, and it should be updated every 10.00 seconds.
[WARN] [1788606784.275813633] [costmap.costmap]: The /velodyne_points observation buffer has not been updated for 57.95 seconds, and it should be updated every 10.00 seconds.
[WARN] [1788606784.276240527] [costmap.costmap]: The /velodyne_points observation buffer has not been updated for 57.95 seconds, and it should be updated every 10.00 seconds.
[WARN] [1788606784.475732275] [costmap.costmap]: The /velodyne_points observation buffer has not been updated for 58.15 seconds, and it should be updated every 10.00 seconds.
[WARN] [1788606784.475893854] [costmap.costmap]: The /velodyne_points observation buffer has not been updated for 58.15 seconds, and it should be updated every 10.00 seconds.
[WARN] [1788606784.675779897] [costmap.costmap]: The /velodyne_points observation buffer has not been updated for 58.35 seconds, and it should be updated every 10.00 seconds.
[WARN] [1788606784.675933937] [costmap.costmap]: The /velodyne_points observation buffer has not been updated for 58.35 seconds, and it should be updated every 10.00 seconds.
[WARN] [1788606784.875505163] [costmap.costmap]: The /velodyne_points observation buffer has not been updated for 58.55 seconds, and it should be updated every 10.00 seconds.
[WARN] [1788606784.875702799] [costmap.costmap]: The /velodyne_points observation buffer has not been updated for 58.55 seconds, and it should be updated every 10.00 seconds.
[WARN] [1788606785.075682984] [costmap.costmap]: The /velodyne_points observation buffer has not been updated for 58.75 seconds, and it should be updated every 10.00 seconds.
[WARN] [1788606785.075809315] [costmap.costmap]: The /velodyne_points observation buffer has not been updated for 58.75 seconds, and it should be updated every 10.00 seconds.
[WARN] [1788606785.275650583] [costmap.costmap]: The /velodyne_points observation buffer has not been updated for 58.95 seconds, and it should be updated every 10.00 seconds.
[WARN] [1788606785.275753055] [costmap.costmap]: The /velodyne_points observation buffer has not been updated for 58.95 seconds, and it should be updated every 10.00 seconds.
[WARN] [1788606785.475419850] [costmap.costmap]: The /velodyne_points observation buffer has not been updated for 59.15 seconds, and it should be updated every 10.00 seconds.
[WARN] [1788606785.475537594] [costmap.costmap]: The /velodyne_points observation buffer has not been updated for 59.15 seconds, and it should be updated every 10.00 seconds.
[WARN] [1788606785.675547202] [costmap.costmap]: The /velodyne_points observation buffer has not been updated for 59.35 seconds, and it should be updated every 10.00 seconds.
[WARN] [1788606785.675685194] [costmap.costmap]: The /velodyne_points observation buffer has not been updated for 59.35 seconds, and it should be updated every 10.00 seconds.
[WARN] [1788606785.875577708] [costmap.costmap]: The /velodyne_points observation buffer has not been updated for 59.55 seconds, and it should be updated every 10.00 seconds.
[WARN] [1788606785.875688756] [costmap.costmap]: The /velodyne_points observation buffer has not been updated for 59.55 seconds, and it should be updated every 10.00 seconds.
[WARN] [1788606786.075780109] [costmap.costmap]: The /velodyne_points observation buffer has not been updated for 59.75 seconds, and it should be updated every 10.00 seconds.
[WARN] [1788606786.075963868] [costmap.costmap]: The /velodyne_points observation buffer has not been updated for 59.75 seconds, and it should be updated every 10.00 seconds.
[WARN] [1788606786.275709339] [costmap.costmap]: The /velodyne_points observation buffer has not been updated for 59.95 seconds, and it should be updated every 10.00 seconds.
[WARN] [1788606786.275813847] [costmap.costmap]: The /velodyne_points observation buffer has not been updated for 59.95 seconds, and it should be updated every 10.00 seconds.
[WARN] [1788606786.475478239] [costmap.costmap]: The /velodyne_points observation buffer has not been updated for 60.15 seconds, and it should be updated every 10.00 seconds.
[WARN] [1788606786.475738696] [costmap.costmap]: The /velodyne_points observation buffer has not been updated for 60.15 seconds, and it should be updated every 10.00 seconds.
[WARN] [1788606786.675818578] [costmap.costmap]: The /velodyne_points observation buffer has not been updated for 60.35 seconds, and it should be updated every 10.00 seconds.
[WARN] [1788606786.676151248] [costmap.costmap]: The /velodyne_points observation buffer has not been updated for 60.35 seconds, and it should be updated every 10.00 seconds.
[WARN] [1788606786.875917783] [costmap.costmap]: The /velodyne_points observation buffer has not been updated for 60.55 seconds, and it should be updated every 10.00 seconds.
[WARN] [1788606786.876057047] [costmap.costmap]: The /velodyne_points observation buffer has not been updated for 60.55 seconds, and it should be updated every 10.00 seconds.
[WARN] [1788606787.075823253] [costmap.costmap]: The /velodyne_points observation buffer has not been updated for 60.75 seconds, and it should be updated every 10.00 seconds.
[WARN] [1788606787.075992301] [costmap.costmap]: The /velodyne_points observation buffer has not been updated for 60.75 seconds, and it should be updated every 10.00 seconds.
[WARN] [1788606787.276218559] [costmap.costmap]: The /velodyne_points observation buffer has not been updated for 60.95 seconds, and it should be updated every 10.00 seconds.
[WARN] [1788606787.276478794] [costmap.costmap]: The /velodyne_points observation buffer has not been updated for 60.95 seconds, and it should be updated every 10.00 seconds.
[WARN] [1788606787.475748054] [costmap.costmap]: The /velodyne_points observation buffer has not been updated for 61.15 seconds, and it should be updated every 10.00 seconds.
[WARN] [1788606787.475928827] [costmap.costmap]: The /velodyne_points observation buffer has not been updated for 61.15 seconds, and it should be updated every 10.00 seconds.
[WARN] [1788606787.675875197] [costmap.costmap]: The /velodyne_points observation buffer has not been updated for 61.35 seconds, and it should be updated every 10.00 seconds.
[WARN] [1788606787.676029703] [costmap.costmap]: The /velodyne_points observation buffer has not been updated for 61.35 seconds, and it should be updated every 10.00 seconds.
[WARN] [1788606787.875615065] [costmap.costmap]: The /velodyne_points observation buffer has not been updated for 61.55 seconds, and it should be updated every 10.00 seconds.
[WARN] [1788606787.875932775] [costmap.costmap]: The /velodyne_points observation buffer has not been updated for 61.55 seconds, and it should be updated every 10.00 seconds.
[WARN] [1788606788.075626051] [costmap.costmap]: The /velodyne_points observation buffer has not been updated for 61.75 seconds, and it should be updated every 10.00 seconds.
[WARN] [1788606788.075765627] [costmap.costmap]: The /velodyne_points observation buffer has not been updated for 61.75 seconds, and it should be updated every 10.00 seconds.
[WARN] [1788606788.275512232] [costmap.costmap]: The /velodyne_points observation buffer has not been updated for 61.95 seconds, and it should be updated every 10.00 seconds.
[WARN] [1788606788.275741016] [costmap.costmap]: The /velodyne_points observation buffer has not been updated for 61.95 seconds, and it should be updated every 10.00 seconds.
[WARN] [1788606788.475448579] [costmap.costmap]: The /velodyne_points observation buffer has not been updated for 62.15 seconds, and it should be updated every 10.00 seconds.
[WARN] [1788606788.475563744] [costmap.costmap]: The /velodyne_points observation buffer has not been updated for 62.15 seconds, and it should be updated every 10.00 seconds.
